2026-10-05 13:19:13,183 - INFO - Programa iniciado.
2026-10-05 13:19:13,184 - INFO - Iniciando análise dos diretórios.
2026-10-05 13:19:13,184 - INFO - Analisando diretório: C:\Users\User\Documents\ProvaPython\Prova Python
2026-10-05 13:19:13,184 - INFO - Analisando diretório: C:\Users\User\Documents\ProvaPython\Prova Python\.git
2026-10-05 13:19:13,184 - INFO - Analisando diretório: C:\Users\User\Documents\ProvaPython\Prova Python\.git\hooks
2026-10-05 13:19:13,184 - INFO - Analisando diretório: C:\Users\User\Documents\ProvaPython\Prova Python\.git\info
2026-10-05 13:19:13,184 - INFO - Analisando diretório: C:\Users\User\Documents\ProvaPython\Prova Python\.git\logs
2026-10-05 13:19:13,185 - INFO - Analisando diretório: C:\Users\User\Documents\ProvaPython\Prova Python\.git\logs\refs
2026-10-05 13:19:13,185 - INFO - Analisando diretório: C:\Users\User\Documents\ProvaPython\Prova Python\.git\logs\refs\heads
2026-10-05 13:19:13,185 - INFO - Analisando diretório: C:\Users\User\Documents\ProvaPython\Prova Python\.git\logs\refs\remotes
2026-10-05 13:19:13,185 - INFO - Analisando diretório: C:\Users\User\Documents\ProvaPython\Prova Python\.git\logs\refs\remotes\origin
2026-10-05 13:19:13,186 - INFO - Analisando diretório: C:\Users\User\Documents\ProvaPython\Prova Python\.git\objects
2026-10-05 13:19:13,186 - INFO - Analisando diretório: C:\Users\User\Documents\ProvaPython\Prova Python\.git\objects\01
2026-10-05 13:19:13,186 - INFO - Analisando diretório: C:\Users\User\Documents\ProvaPython\Prova Python\.git\objects\02
2026-10-05 13:19:13,186 - INFO - Analisando diretório: C:\Users\User\Documents\ProvaPython\Prova Python\.git\objects\05
2026-10-05 13:19:13,186 - INFO - Analisando diretório: C:\Users\User\Documents\ProvaPython\Prova Python\.git\objects\06
2026-10-05 13:19:13,186 - INFO - Analisando diretório: C:\Users\User\Documents\ProvaPython\Prova Python\.git\objects\0d
2026-10-05 13:19:13,186 - INFO - Analisando diretório: C:\Users\User\Documents\ProvaPython\Prova Python\.git\objects\11
2026-10-05 13:19:13,186 - INFO - Analisando diretório: C:\Users\User\Documents\ProvaPython\Prova Python\.git\objects\14
2026-10-05 13:19:13,186 - INFO - Analisando diretório: C:\Users\User\Documents\ProvaPython\Prova Python\.git\objects\15
2026-10-05 13:19:13,186 - INFO - Analisando diretório: C:\Users\User\Documents\ProvaPython\Prova Python\.git\objects\1a
2026-10-05 13:19:13,186 - INFO - Analisando diretório: C:\Users\User\Documents\ProvaPython\Prova Python\.git\objects\1b
2026-10-05 13:19:13,186 - INFO - Analisando diretório: C:\Users\User\Documents\ProvaPython\Prova Python\.git\objects\1c
2026-10-05 13:19:13,186 - INFO - Analisando diretório: C:\Users\User\Documents\ProvaPython\Prova Python\.git\objects\1d
2026-10-05 13:19:13,186 - INFO - Analisando diretório: C:\Users\User\Documents\ProvaPython\Prova Python\.git\objects\22
2026-10-05 13:19:13,186 - INFO - Analisando diretório: C:\Users\User\Documents\ProvaPython\Prova Python\.git\objects\24
2026-10-05 13:19:13,187 - INFO - Analisando diretório: C:\Users\User\Documents\ProvaPython\Prova Python\.git\objects\2e
2026-10-05 13:19:13,187 - INFO - Analisando diretório: C:\Users\User\Documents\ProvaPython\Prova Python\.git\objects\30
2026-10-05 13:19:13,187 - INFO - Analisando diretório: C:\Users\User\Documents\ProvaPython\Prova Python\.git\objects\32
2026-10-05 13:19:13,187 - INFO - Analisando diretório: C:\Users\User\Documents\ProvaPython\Prova Python\.git\objects\38
2026-10-05 13:19:13,187 - INFO - Analisando diretório: C:\Users\User\Documents\ProvaPython\Prova Python\.git\objects\3a
2026-10-05 13:19:13,187 - INFO - Analisando diretório: C:\Users\User\Documents\ProvaPython\Prova Python\.git\objects\3f
2026-10-05 13:19:13,187 - INFO - Analisando diretório: C:\Users\User\Documents\ProvaPython\Prova Python\.git\objects\43
2026-10-05 13:19:13,187 - INFO - Analisando diretório: C:\Users\User\Documents\ProvaPython\Prova Python\.git\objects\44
2026-10-05 13:19:13,187 - INFO - Analisando diretório: C:\Users\User\Documents\ProvaPython\Prova Python\.git\objects\45
2026-10-05 13:19:13,187 - INFO - Analisando diretório: C:\Users\User\Documents\ProvaPython\Prova Python\.git\objects\47
2026-10-05 13:19:13,187 - INFO - Analisando diretório: C:\Users\User\Documents\ProvaPython\Prova Python\.git\objects\4b
2026-10-05 13:19:13,187 - INFO - Analisando diretório: C:\Users\User\Documents\ProvaPython\Prova Python\.git\objects\50
2026-10-05 13:19:13,187 - INFO - Analisando diretório: C:\Users\User\Documents\ProvaPython\Prova Python\.git\objects\54
2026-10-05 13:19:13,187 - INFO - Analisando diretório: C:\Users\User\Documents\ProvaPython\Prova Python\.git\objects\55
2026-10-05 13:19:13,187 - INFO - Analisando diretório: C:\Users\User\Documents\ProvaPython\Prova Python\.git\objects\5c
2026-10-05 13:19:13,187 - INFO - Analisando diretório: C:\Users\User\Documents\ProvaPython\Prova Python\.git\objects\60
2026-10-05 13:19:13,187 - INFO - Analisando diretório: C:\Users\User\Documents\ProvaPython\Prova Python\.git\objects\63
2026-10-05 13:19:13,187 - INFO - Analisando diretório: C:\Users\User\Documents\ProvaPython\Prova Python\.git\objects\70
2026-10-05 13:19:13,187 - INFO - Analisando diretório: C:\Users\User\Documents\ProvaPython\Prova Python\.git\objects\73
2026-10-05 13:19:13,187 - INFO - Analisando diretório: C:\Users\User\Documents\ProvaPython\Prova Python\.git\objects\79
2026-10-05 13:19:13,187 - INFO - Analisando diretório: C:\Users\User\Documents\ProvaPython\Prova Python\.git\objects\7a
2026-10-05 13:19:13,187 - INFO - Analisando diretório: C:\Users\User\Documents\ProvaPython\Prova Python\.git\objects\7b
2026-10-05 13:19:13,187 - INFO - Analisando diretório: C:\Users\User\Documents\ProvaPython\Prova Python\.git\objects\7f
2026-10-05 13:19:13,188 - INFO - Analisando diretório: C:\Users\User\Documents\ProvaPython\Prova Python\.git\objects\8b
2026-10-05 13:19:13,188 - INFO - Analisando diretório: C:\Users\User\Documents\ProvaPython\Prova Python\.git\objects\8e
2026-10-05 13:19:13,188 - INFO - Analisando diretório: C:\Users\User\Documents\ProvaPython\Prova Python\.git\objects\90
2026-10-05 13:19:13,188 - INFO - Analisando diretório: C:\Users\User\Documents\ProvaPython\Prova Python\.git\objects\94
2026-10-05 13:19:13,188 - INFO - Analisando diretório: C:\Users\User\Documents\ProvaPython\Prova Python\.git\objects\9b
2026-10-05 13:19:13,188 - INFO - Analisando diretório: C:\Users\User\Documents\ProvaPython\Prova Python\.git\objects\9d
2026-10-05 13:19:13,188 - INFO - Analisando diretório: C:\Users\User\Documents\ProvaPython\Prova Python\.git\objects\a0
2026-10-05 13:19:13,188 - INFO - Analisando diretório: C:\Users\User\Documents\ProvaPython\Prova Python\.git\objects\a5
2026-10-05 13:19:13,188 - INFO - Analisando diretório: C:\Users\User\Documents\ProvaPython\Prova Python\.git\objects\ad
2026-10-05 13:19:13,188 - INFO - Analisando diretório: C:\Users\User\Documents\ProvaPython\Prova Python\.git\objects\b0
2026-10-05 13:19:13,188 - INFO - Analisando diretório: C:\Users\User\Documents\ProvaPython\Prova Python\.git\objects\b7
2026-10-05 13:19:13,188 - INFO - Analisando diretório: C:\Users\User\Documents\ProvaPython\Prova Python\.git\objects\b8
2026-10-05 13:19:13,188 - INFO - Analisando diretório: C:\Users\User\Documents\ProvaPython\Prova Python\.git\objects\c3
2026-10-05 13:19:13,188 - INFO - Analisando diretório: C:\Users\User\Documents\ProvaPython\Prova Python\.git\objects\c5
2026-10-05 13:19:13,188 - INFO - Analisando diretório: C:\Users\User\Documents\ProvaPython\Prova Python\.git\objects\c8
2026-10-05 13:19:13,188 - INFO - Analisando diretório: C:\Users\User\Documents\ProvaPython\Prova Python\.git\objects\cc
2026-10-05 13:19:13,188 - INFO - Analisando diretório: C:\Users\User\Documents\ProvaPython\Prova Python\.git\objects\ce
2026-10-05 13:19:13,188 - INFO - Analisando diretório: C:\Users\User\Documents\ProvaPython\Prova Python\.git\objects\d1
2026-10-05 13:19:13,188 - INFO - Analisando diretório: C:\Users\User\Documents\ProvaPython\Prova Python\.git\objects\d8
2026-10-05 13:19:13,188 - INFO - Analisando diretório: C:\Users\User\Documents\ProvaPython\Prova Python\.git\objects\d9
2026-10-05 13:19:13,188 - INFO - Analisando diretório: C:\Users\User\Documents\ProvaPython\Prova Python\.git\objects\df
2026-10-05 13:19:13,189 - INFO - Analisando diretório: C:\Users\User\Documents\ProvaPython\Prova Python\.git\objects\e0
2026-10-05 13:19:13,189 - INFO - Analisando diretório: C:\Users\User\Documents\ProvaPython\Prova Python\.git\objects\e6
2026-10-05 13:19:13,189 - INFO - Analisando diretório: C:\Users\User\Documents\ProvaPython\Prova Python\.git\objects\e7
2026-10-05 13:19:13,189 - INFO - Analisando diretório: C:\Users\User\Documents\ProvaPython\Prova Python\.git\objects\e8
2026-10-05 13:19:13,189 - INFO - Analisando diretório: C:\Users\User\Documents\ProvaPython\Prova Python\.git\objects\ea
2026-10-05 13:19:13,189 - INFO - Analisando diretório: C:\Users\User\Documents\ProvaPython\Prova Python\.git\objects\eb
2026-10-05 13:19:13,189 - INFO - Analisando diretório: C:\Users\User\Documents\ProvaPython\Prova Python\.git\objects\ed
2026-10-05 13:19:13,189 - INFO - Analisando diretório: C:\Users\User\Documents\ProvaPython\Prova Python\.git\objects\ef
2026-10-05 13:19:13,189 - INFO - Analisando diretório: C:\Users\User\Documents\ProvaPython\Prova Python\.git\objects\f0
2026-10-05 13:19:13,189 - INFO - Analisando diretório: C:\Users\User\Documents\ProvaPython\Prova Python\.git\objects\f1
2026-10-05 13:19:13,189 - INFO - Analisando diretório: C:\Users\User\Documents\ProvaPython\Prova Python\.git\objects\f3
2026-10-05 13:19:13,189 - INFO - Analisando diretório: C:\Users\User\Documents\ProvaPython\Prova Python\.git\objects\f5
2026-10-05 13:19:13,189 - INFO - Analisando diretório: C:\Users\User\Documents\ProvaPython\Prova Python\.git\objects\fc
2026-10-05 13:19:13,189 - INFO - Analisando diretório: C:\Users\User\Documents\ProvaPython\Prova Python\.git\objects\info
2026-10-05 13:19:13,189 - INFO - Analisando diretório: C:\Users\User\Documents\ProvaPython\Prova Python\.git\objects\pack
2026-10-05 13:19:13,189 - INFO - Analisando diretório: C:\Users\User\Documents\ProvaPython\Prova Python\.git\refs
2026-10-05 13:19:13,189 - INFO - Analisando diretório: C:\Users\User\Documents\ProvaPython\Prova Python\.git\refs\heads
2026-10-05 13:19:13,189 - INFO - Analisando diretório: C:\Users\User\Documents\ProvaPython\Prova Python\.git\refs\remotes
2026-10-05 13:19:13,189 - INFO - Analisando diretório: C:\Users\User\Documents\ProvaPython\Prova Python\.git\refs\remotes\origin
2026-10-05 13:19:13,189 - INFO - Analisando diretório: C:\Users\User\Documents\ProvaPython\Prova Python\.git\refs\tags
2026-10-05 13:19:13,189 - INFO - Analisando diretório: C:\Users\User\Documents\ProvaPython\Prova Python\config
2026-10-05 13:19:13,189 - INFO - Analisando diretório: C:\Users\User\Documents\ProvaPython\Prova Python\controllers
2026-10-05 13:19:13,190 - INFO - Analisando diretório: C:\Users\User\Documents\ProvaPython\Prova Python\controllers\relatorios
2026-10-05 13:19:13,190 - INFO - Analisando diretório: C:\Users\User\Documents\ProvaPython\Prova Python\docs
2026-10-05 13:19:13,190 - INFO - Analisando diretório: C:\Users\User\Documents\ProvaPython\Prova Python\docs\referencias
2026-10-05 13:19:13,190 - INFO - Analisando diretório: C:\Users\User\Documents\ProvaPython\Prova Python\docs\referencias\exemplos
2026-10-05 13:19:13,190 - INFO - Analisando diretório: C:\Users\User\Documents\ProvaPython\Prova Python\logs
2026-10-05 13:19:13,190 - INFO - Analisando diretório: C:\Users\User\Documents\ProvaPython\Prova Python\models
2026-10-05 13:19:13,190 - INFO - Analisando diretório: C:\Users\User\Documents\ProvaPython\Prova Python\models\historico
2026-10-05 13:19:13,190 - INFO - Analisando diretório: C:\Users\User\Documents\ProvaPython\Prova Python\temp
2026-10-05 13:19:13,190 - INFO - Analisando diretório: C:\Users\User\Documents\ProvaPython\Prova Python\temp\processados
2026-10-05 13:19:13,190 - INFO - Analisando diretório: C:\Users\User\Documents\ProvaPython\Prova Python\tests
2026-10-05 13:19:13,190 - INFO - Analisando diretório: C:\Users\User\Documents\ProvaPython\Prova Python\utils
2026-10-05 13:19:13,191 - INFO - Analisando diretório: C:\Users\User\Documents\ProvaPython\Prova Python\__pycache__
2026-10-05 13:19:13,191 - INFO - Análise dos diretórios finalizada.
2026-10-05 13:19:13,191 - INFO - Validações internas concluídas.
2026-10-05 13:19:13,191 - INFO - Gerando relatório.
2026-10-05 13:19:13,191 - INFO - Relatório gerado.
2026-10-05 13:19:13,191 - INFO - Programa finalizado com sucesso.
2026-10-05 13:24:27,815 - INFO - Programa iniciado.
2026-10-05 13:24:27,815 - INFO - Iniciando análise dos diretórios.
2026-10-05 13:24:27,816 - INFO - Analisando diretório: C:\Users\User\Documents\ProvaPython\Prova Python
2026-10-05 13:24:27,816 - INFO - Analisando diretório: C:\Users\User\Documents\ProvaPython\Prova Python\.git
2026-10-05 13:24:27,816 - INFO - Analisando diretório: C:\Users\User\Documents\ProvaPython\Prova Python\.git\hooks
2026-10-05 13:24:27,816 - INFO - Analisando diretório: C:\Users\User\Documents\ProvaPython\Prova Python\.git\info
2026-10-05 13:24:27,816 - INFO - Analisando diretório: C:\Users\User\Documents\ProvaPython\Prova Python\.git\logs
2026-10-05 13:24:27,816 - INFO - Analisando diretório: C:\Users\User\Documents\ProvaPython\Prova Python\.git\logs\refs
2026-10-05 13:24:27,816 - INFO - Analisando diretório: C:\Users\User\Documents\ProvaPython\Prova Python\.git\logs\refs\heads
2026-10-05 13:24:27,816 - INFO - Analisando diretório: C:\Users\User\Documents\ProvaPython\Prova Python\.git\logs\refs\remotes
2026-10-05 13:24:27,816 - INFO - Analisando diretório: C:\Users\User\Documents\ProvaPython\Prova Python\.git\logs\refs\remotes\origin
2026-10-05 13:24:27,817 - INFO - Analisando diretório: C:\Users\User\Documents\ProvaPython\Prova Python\.git\objects
2026-10-05 13:24:27,817 - INFO - Analisando diretório: C:\Users\User\Documents\ProvaPython\Prova Python\.git\objects\01
2026-10-05 13:24:27,817 - INFO - Analisando diretório: C:\Users\User\Documents\ProvaPython\Prova Python\.git\objects\02
2026-10-05 13:24:27,817 - INFO - Analisando diretório: C:\Users\User\Documents\ProvaPython\Prova Python\.git\objects\05
2026-10-05 13:24:27,817 - INFO - Analisando diretório: C:\Users\User\Documents\ProvaPython\Prova Python\.git\objects\06
2026-10-05 13:24:27,817 - INFO - Analisando diretório: C:\Users\User\Documents\ProvaPython\Prova Python\.git\objects\0d
2026-10-05 13:24:27,817 - INFO - Analisando diretório: C:\Users\User\Documents\ProvaPython\Prova Python\.git\objects\11
2026-10-05 13:24:27,817 - INFO - Analisando diretório: C:\Users\User\Documents\ProvaPython\Prova Python\.git\objects\14
2026-10-05 13:24:27,817 - INFO - Analisando diretório: C:\Users\User\Documents\ProvaPython\Prova Python\.git\objects\15
2026-10-05 13:24:27,817 - INFO - Analisando diretório: C:\Users\User\Documents\ProvaPython\Prova Python\.git\objects\1a
2026-10-05 13:24:27,817 - INFO - Analisando diretório: C:\Users\User\Documents\ProvaPython\Prova Python\.git\objects\1b
2026-10-05 13:24:27,817 - INFO - Analisando diretório: C:\Users\User\Documents\ProvaPython\Prova Python\.git\objects\1c
2026-10-05 13:24:27,817 - INFO - Analisando diretório: C:\Users\User\Documents\ProvaPython\Prova Python\.git\objects\1d
2026-10-05 13:24:27,817 - INFO - Analisando diretório: C:\Users\User\Documents\ProvaPython\Prova Python\.git\objects\22
2026-10-05 13:24:27,817 - INFO - Analisando diretório: C:\Users\User\Documents\ProvaPython\Prova Python\.git\objects\24
2026-10-05 13:24:27,818 - INFO - Analisando diretório: C:\Users\User\Documents\ProvaPython\Prova Python\.git\objects\2e
2026-10-05 13:24:27,818 - INFO - Analisando diretório: C:\Users\User\Documents\ProvaPython\Prova Python\.git\objects\30
2026-10-05 13:24:27,818 - INFO - Analisando diretório: C:\Users\User\Documents\ProvaPython\Prova Python\.git\objects\32
2026-10-05 13:24:27,818 - INFO - Analisando diretório: C:\Users\User\Documents\ProvaPython\Prova Python\.git\objects\38
2026-10-05 13:24:27,818 - INFO - Analisando diretório: C:\Users\User\Documents\ProvaPython\Prova Python\.git\objects\3a
2026-10-05 13:24:27,818 - INFO - Analisando diretório: C:\Users\User\Documents\ProvaPython\Prova Python\.git\objects\3f
2026-10-05 13:24:27,818 - INFO - Analisando diretório: C:\Users\User\Documents\ProvaPython\Prova Python\.git\objects\43
2026-10-05 13:24:27,818 - INFO - Analisando diretório: C:\Users\User\Documents\ProvaPython\Prova Python\.git\objects\44
2026-10-05 13:24:27,818 - INFO - Analisando diretório: C:\Users\User\Documents\ProvaPython\Prova Python\.git\objects\45
2026-10-05 13:24:27,818 - INFO - Analisando diretório: C:\Users\User\Documents\ProvaPython\Prova Python\.git\objects\47
2026-10-05 13:24:27,818 - INFO - Analisando diretório: C:\Users\User\Documents\ProvaPython\Prova Python\.git\objects\4b
2026-10-05 13:24:27,818 - INFO - Analisando diretório: C:\Users\User\Documents\ProvaPython\Prova Python\.git\objects\50
2026-10-05 13:24:27,818 - INFO - Analisando diretório: C:\Users\User\Documents\ProvaPython\Prova Python\.git\objects\54
2026-10-05 13:24:27,818 - INFO - Analisando diretório: C:\Users\User\Documents\ProvaPython\Prova Python\.git\objects\55
2026-10-05 13:24:27,818 - INFO - Analisando diretório: C:\Users\User\Documents\ProvaPython\Prova Python\.git\objects\5c
2026-10-05 13:24:27,818 - INFO - Analisando diretório: C:\Users\User\Documents\ProvaPython\Prova Python\.git\objects\60
2026-10-05 13:24:27,818 - INFO - Analisando diretório: C:\Users\User\Documents\ProvaPython\Prova Python\.git\objects\63
2026-10-05 13:24:27,818 - INFO - Analisando diretório: C:\Users\User\Documents\ProvaPython\Prova Python\.git\objects\70
2026-10-05 13:24:27,818 - INFO - Analisando diretório: C:\Users\User\Documents\ProvaPython\Prova Python\.git\objects\73
2026-10-05 13:24:27,818 - INFO - Analisando diretório: C:\Users\User\Documents\ProvaPython\Prova Python\.git\objects\79
2026-10-05 13:24:27,818 - INFO - Analisando diretório: C:\Users\User\Documents\ProvaPython\Prova Python\.git\objects\7a
2026-10-05 13:24:27,818 - INFO - Analisando diretório: C:\Users\User\Documents\ProvaPython\Prova Python\.git\objects\7b
2026-10-05 13:24:27,819 - INFO - Analisando diretório: C:\Users\User\Documents\ProvaPython\Prova Python\.git\objects\7f
2026-10-05 13:24:27,819 - INFO - Analisando diretório: C:\Users\User\Documents\ProvaPython\Prova Python\.git\objects\8b
2026-10-05 13:24:27,819 - INFO - Analisando diretório: C:\Users\User\Documents\ProvaPython\Prova Python\.git\objects\8e
2026-10-05 13:24:27,819 - INFO - Analisando diretório: C:\Users\User\Documents\ProvaPython\Prova Python\.git\objects\90
2026-10-05 13:24:27,819 - INFO - Analisando diretório: C:\Users\User\Documents\ProvaPython\Prova Python\.git\objects\94
2026-10-05 13:24:27,819 - INFO - Analisando diretório: C:\Users\User\Documents\ProvaPython\Prova Python\.git\objects\9b
2026-10-05 13:24:27,819 - INFO - Analisando diretório: C:\Users\User\Documents\ProvaPython\Prova Python\.git\objects\9d
2026-10-05 13:24:27,819 - INFO - Analisando diretório: C:\Users\User\Documents\ProvaPython\Prova Python\.git\objects\a0
2026-10-05 13:24:27,819 - INFO - Analisando diretório: C:\Users\User\Documents\ProvaPython\Prova Python\.git\objects\a5
2026-10-05 13:24:27,819 - INFO - Analisando diretório: C:\Users\User\Documents\ProvaPython\Prova Python\.git\objects\ad
2026-10-05 13:24:27,819 - INFO - Analisando diretório: C:\Users\User\Documents\ProvaPython\Prova Python\.git\objects\b0
2026-10-05 13:24:27,819 - INFO - Analisando diretório: C:\Users\User\Documents\ProvaPython\Prova Python\.git\objects\b7
2026-10-05 13:24:27,819 - INFO - Analisando diretório: C:\Users\User\Documents\ProvaPython\Prova Python\.git\objects\b8
2026-10-05 13:24:27,819 - INFO - Analisando diretório: C:\Users\User\Documents\ProvaPython\Prova Python\.git\objects\c3
2026-10-05 13:24:27,819 - INFO - Analisando diretório: C:\Users\User\Documents\ProvaPython\Prova Python\.git\objects\c5
2026-10-05 13:24:27,819 - INFO - Analisando diretório: C:\Users\User\Documents\ProvaPython\Prova Python\.git\objects\c8
2026-10-05 13:24:27,819 - INFO - Analisando diretório: C:\Users\User\Documents\ProvaPython\Prova Python\.git\objects\cc
2026-10-05 13:24:27,819 - INFO - Analisando diretório: C:\Users\User\Documents\ProvaPython\Prova Python\.git\objects\ce
2026-10-05 13:24:27,819 - INFO - Analisando diretório: C:\Users\User\Documents\ProvaPython\Prova Python\.git\objects\d1
2026-10-05 13:24:27,819 - INFO - Analisando diretório: C:\Users\User\Documents\ProvaPython\Prova Python\.git\objects\d8
2026-10-05 13:24:27,819 - INFO - Analisando diretório: C:\Users\User\Documents\ProvaPython\Prova Python\.git\objects\d9
2026-10-05 13:24:27,819 - INFO - Analisando diretório: C:\Users\User\Documents\ProvaPython\Prova Python\.git\objects\df
2026-10-05 13:24:27,819 - INFO - Analisando diretório: C:\Users\User\Documents\ProvaPython\Prova Python\.git\objects\e0
2026-10-05 13:24:27,820 - INFO - Analisando diretório: C:\Users\User\Documents\ProvaPython\Prova Python\.git\objects\e6
2026-10-05 13:24:27,820 - INFO - Analisando diretório: C:\Users\User\Documents\ProvaPython\Prova Python\.git\objects\e7
2026-10-05 13:24:27,820 - INFO - Analisando diretório: C:\Users\User\Documents\ProvaPython\Prova Python\.git\objects\e8
2026-10-05 13:24:27,820 - INFO - Analisando diretório: C:\Users\User\Documents\ProvaPython\Prova Python\.git\objects\ea
2026-10-05 13:24:27,820 - INFO - Analisando diretório: C:\Users\User\Documents\ProvaPython\Prova Python\.git\objects\eb
2026-10-05 13:24:27,820 - INFO - Analisando diretório: C:\Users\User\Documents\ProvaPython\Prova Python\.git\objects\ed
2026-10-05 13:24:27,820 - INFO - Analisando diretório: C:\Users\User\Documents\ProvaPython\Prova Python\.git\objects\ef
2026-10-05 13:24:27,820 - INFO - Analisando diretório: C:\Users\User\Documents\ProvaPython\Prova Python\.git\objects\f0
2026-10-05 13:24:27,820 - INFO - Analisando diretório: C:\Users\User\Documents\ProvaPython\Prova Python\.git\objects\f1
2026-10-05 13:24:27,820 - INFO - Analisando diretório: C:\Users\User\Documents\ProvaPython\Prova Python\.git\objects\f3
2026-10-05 13:24:27,820 - INFO - Analisando diretório: C:\Users\User\Documents\ProvaPython\Prova Python\.git\objects\f5
2026-10-05 13:24:27,820 - INFO - Analisando diretório: C:\Users\User\Documents\ProvaPython\Prova Python\.git\objects\fc
2026-10-05 13:24:27,820 - INFO - Analisando diretório: C:\Users\User\Documents\ProvaPython\Prova Python\.git\objects\info
2026-10-05 13:24:27,820 - INFO - Analisando diretório: C:\Users\User\Documents\ProvaPython\Prova Python\.git\objects\pack
2026-10-05 13:24:27,820 - INFO - Analisando diretório: C:\Users\User\Documents\ProvaPython\Prova Python\.git\refs
2026-10-05 13:24:27,820 - INFO - Analisando diretório: C:\Users\User\Documents\ProvaPython\Prova Python\.git\refs\heads
2026-10-05 13:24:27,820 - INFO - Analisando diretório: C:\Users\User\Documents\ProvaPython\Prova Python\.git\refs\remotes
2026-10-05 13:24:27,820 - INFO - Analisando diretório: C:\Users\User\Documents\ProvaPython\Prova Python\.git\refs\remotes\origin
2026-10-05 13:24:27,820 - INFO - Analisando diretório: C:\Users\User\Documents\ProvaPython\Prova Python\.git\refs\tags
2026-10-05 13:24:27,820 - INFO - Analisando diretório: C:\Users\User\Documents\ProvaPython\Prova Python\config
2026-10-05 13:24:27,820 - INFO - Analisando diretório: C:\Users\User\Documents\ProvaPython\Prova Python\controllers
2026-10-05 13:24:27,820 - INFO - Analisando diretório: C:\Users\User\Documents\ProvaPython\Prova Python\controllers\relatorios
2026-10-05 13:24:27,821 - INFO - Analisando diretório: C:\Users\User\Documents\ProvaPython\Prova Python\docs
2026-10-05 13:24:27,821 - INFO - Analisando diretório: C:\Users\User\Documents\ProvaPython\Prova Python\docs\referencias
2026-10-05 13:24:27,821 - INFO - Analisando diretório: C:\Users\User\Documents\ProvaPython\Prova Python\docs\referencias\exemplos
2026-10-05 13:24:27,821 - INFO - Analisando diretório: C:\Users\User\Documents\ProvaPython\Prova Python\logs
2026-10-05 13:24:27,821 - INFO - Analisando diretório: C:\Users\User\Documents\ProvaPython\Prova Python\models
2026-10-05 13:24:27,821 - INFO - Analisando diretório: C:\Users\User\Documents\ProvaPython\Prova Python\models\historico
2026-10-05 13:24:27,821 - INFO - Analisando diretório: C:\Users\User\Documents\ProvaPython\Prova Python\temp
2026-10-05 13:24:27,821 - INFO - Analisando diretório: C:\Users\User\Documents\ProvaPython\Prova Python\temp\processados
2026-10-05 13:24:27,821 - INFO - Analisando diretório: C:\Users\User\Documents\ProvaPython\Prova Python\tests
2026-10-05 13:24:27,821 - INFO - Analisando diretório: C:\Users\User\Documents\ProvaPython\Prova Python\utils
2026-10-05 13:24:27,821 - INFO - Analisando diretório: C:\Users\User\Documents\ProvaPython\Prova Python\__pycache__
2026-10-05 13:24:27,821 - INFO - Análise dos diretórios finalizada.
2026-10-05 13:24:27,821 - INFO - Validações internas concluídas.
2026-10-05 13:24:27,821 - INFO - Gerando relatório.
2026-10-05 13:24:27,822 - INFO - Relatório gerado.
2026-10-05 13:24:27,822 - INFO - Programa finalizado com sucesso.
2026-10-05 13:32:19,125 - INFO - Programa iniciado.
2026-10-05 13:32:19,125 - INFO - Iniciando análise dos diretórios.
2026-10-05 13:32:19,125 - INFO - Analisando diretório: C:\Users\User\Documents\ProvaPython\Prova Python
2026-10-05 13:32:19,126 - INFO - Analisando diretório: C:\Users\User\Documents\ProvaPython\Prova Python\.git
2026-10-05 13:32:19,126 - INFO - Analisando diretório: C:\Users\User\Documents\ProvaPython\Prova Python\.git\hooks
2026-10-05 13:32:19,126 - INFO - Analisando diretório: C:\Users\User\Documents\ProvaPython\Prova Python\.git\info
2026-10-05 13:32:19,126 - INFO - Analisando diretório: C:\Users\User\Documents\ProvaPython\Prova Python\.git\logs
2026-10-05 13:32:19,126 - INFO - Analisando diretório: C:\Users\User\Documents\ProvaPython\Prova Python\.git\logs\refs
2026-10-05 13:32:19,126 - INFO - Analisando diretório: C:\Users\User\Documents\ProvaPython\Prova Python\.git\logs\refs\heads
2026-10-05 13:32:19,126 - INFO - Analisando diretório: C:\Users\User\Documents\ProvaPython\Prova Python\.git\logs\refs\remotes
2026-10-05 13:32:19,126 - INFO - Analisando diretório: C:\Users\User\Documents\ProvaPython\Prova Python\.git\logs\refs\remotes\origin
2026-10-05 13:32:19,126 - INFO - Analisando diretório: C:\Users\User\Documents\ProvaPython\Prova Python\.git\objects
2026-10-05 13:32:19,127 - INFO - Analisando diretório: C:\Users\User\Documents\ProvaPython\Prova Python\.git\objects\01
2026-10-05 13:32:19,127 - INFO - Analisando diretório: C:\Users\User\Documents\ProvaPython\Prova Python\.git\objects\02
2026-10-05 13:32:19,127 - INFO - Analisando diretório: C:\Users\User\Documents\ProvaPython\Prova Python\.git\objects\05
2026-10-05 13:32:19,127 - INFO - Analisando diretório: C:\Users\User\Documents\ProvaPython\Prova Python\.git\objects\06
2026-10-05 13:32:19,127 - INFO - Analisando diretório: C:\Users\User\Documents\ProvaPython\Prova Python\.git\objects\0d
2026-10-05 13:32:19,127 - INFO - Analisando diretório: C:\Users\User\Documents\ProvaPython\Prova Python\.git\objects\11
2026-10-05 13:32:19,127 - INFO - Analisando diretório: C:\Users\User\Documents\ProvaPython\Prova Python\.git\objects\14
2026-10-05 13:32:19,127 - INFO - Analisando diretório: C:\Users\User\Documents\ProvaPython\Prova Python\.git\objects\15
2026-10-05 13:32:19,127 - INFO - Analisando diretório: C:\Users\User\Documents\ProvaPython\Prova Python\.git\objects\1a
2026-10-05 13:32:19,127 - INFO - Analisando diretório: C:\Users\User\Documents\ProvaPython\Prova Python\.git\objects\1b
2026-10-05 13:32:19,127 - INFO - Analisando diretório: C:\Users\User\Documents\ProvaPython\Prova Python\.git\objects\1c
2026-10-05 13:32:19,127 - INFO - Analisando diretório: C:\Users\User\Documents\ProvaPython\Prova Python\.git\objects\1d
2026-10-05 13:32:19,127 - INFO - Analisando diretório: C:\Users\User\Documents\ProvaPython\Prova Python\.git\objects\22
2026-10-05 13:32:19,127 - INFO - Analisando diretório: C:\Users\User\Documents\ProvaPython\Prova Python\.git\objects\24
2026-10-05 13:32:19,127 - INFO - Analisando diretório: C:\Users\User\Documents\ProvaPython\Prova Python\.git\objects\2e
2026-10-05 13:32:19,127 - INFO - Analisando diretório: C:\Users\User\Documents\ProvaPython\Prova Python\.git\objects\30
2026-10-05 13:32:19,127 - INFO - Analisando diretório: C:\Users\User\Documents\ProvaPython\Prova Python\.git\objects\32
2026-10-05 13:32:19,127 - INFO - Analisando diretório: C:\Users\User\Documents\ProvaPython\Prova Python\.git\objects\38
2026-10-05 13:32:19,128 - INFO - Analisando diretório: C:\Users\User\Documents\ProvaPython\Prova Python\.git\objects\3a
2026-10-05 13:32:19,128 - INFO - Analisando diretório: C:\Users\User\Documents\ProvaPython\Prova Python\.git\objects\3f
2026-10-05 13:32:19,128 - INFO - Analisando diretório: C:\Users\User\Documents\ProvaPython\Prova Python\.git\objects\43
2026-10-05 13:32:19,128 - INFO - Analisando diretório: C:\Users\User\Documents\ProvaPython\Prova Python\.git\objects\44
2026-10-05 13:32:19,128 - INFO - Analisando diretório: C:\Users\User\Documents\ProvaPython\Prova Python\.git\objects\45
2026-10-05 13:32:19,128 - INFO - Analisando diretório: C:\Users\User\Documents\ProvaPython\Prova Python\.git\objects\47
2026-10-05 13:32:19,128 - INFO - Analisando diretório: C:\Users\User\Documents\ProvaPython\Prova Python\.git\objects\4b
2026-10-05 13:32:19,128 - INFO - Analisando diretório: C:\Users\User\Documents\ProvaPython\Prova Python\.git\objects\50
2026-10-05 13:32:19,128 - INFO - Analisando diretório: C:\Users\User\Documents\ProvaPython\Prova Python\.git\objects\54
2026-10-05 13:32:19,128 - INFO - Analisando diretório: C:\Users\User\Documents\ProvaPython\Prova Python\.git\objects\55
2026-10-05 13:32:19,128 - INFO - Analisando diretório: C:\Users\User\Documents\ProvaPython\Prova Python\.git\objects\5c
2026-10-05 13:32:19,128 - INFO - Analisando diretório: C:\Users\User\Documents\ProvaPython\Prova Python\.git\objects\60
2026-10-05 13:32:19,128 - INFO - Analisando diretório: C:\Users\User\Documents\ProvaPython\Prova Python\.git\objects\63
2026-10-05 13:32:19,128 - INFO - Analisando diretório: C:\Users\User\Documents\ProvaPython\Prova Python\.git\objects\70
2026-10-05 13:32:19,128 - INFO - Analisando diretório: C:\Users\User\Documents\ProvaPython\Prova Python\.git\objects\73
2026-10-05 13:32:19,128 - INFO - Analisando diretório: C:\Users\User\Documents\ProvaPython\Prova Python\.git\objects\79
2026-10-05 13:32:19,128 - INFO - Analisando diretório: C:\Users\User\Documents\ProvaPython\Prova Python\.git\objects\7a
2026-10-05 13:32:19,128 - INFO - Analisando diretório: C:\Users\User\Documents\ProvaPython\Prova Python\.git\objects\7b
2026-10-05 13:32:19,128 - INFO - Analisando diretório: C:\Users\User\Documents\ProvaPython\Prova Python\.git\objects\7f
2026-10-05 13:32:19,128 - INFO - Analisando diretório: C:\Users\User\Documents\ProvaPython\Prova Python\.git\objects\8b
2026-10-05 13:32:19,128 - INFO - Analisando diretório: C:\Users\User\Documents\ProvaPython\Prova Python\.git\objects\8e
2026-10-05 13:32:19,128 - INFO - Analisando diretório: C:\Users\User\Documents\ProvaPython\Prova Python\.git\objects\90
2026-10-05 13:32:19,128 - INFO - Analisando diretório: C:\Users\User\Documents\ProvaPython\Prova Python\.git\objects\94
2026-10-05 13:32:19,129 - INFO - Analisando diretório: C:\Users\User\Documents\ProvaPython\Prova Python\.git\objects\9b
2026-10-05 13:32:19,129 - INFO - Analisando diretório: C:\Users\User\Documents\ProvaPython\Prova Python\.git\objects\9d
2026-10-05 13:32:19,129 - INFO - Analisando diretório: C:\Users\User\Documents\ProvaPython\Prova Python\.git\objects\a0
2026-10-05 13:32:19,129 - INFO - Analisando diretório: C:\Users\User\Documents\ProvaPython\Prova Python\.git\objects\a5
2026-10-05 13:32:19,129 - INFO - Analisando diretório: C:\Users\User\Documents\ProvaPython\Prova Python\.git\objects\ad
2026-10-05 13:32:19,129 - INFO - Analisando diretório: C:\Users\User\Documents\ProvaPython\Prova Python\.git\objects\b0
2026-10-05 13:32:19,129 - INFO - Analisando diretório: C:\Users\User\Documents\ProvaPython\Prova Python\.git\objects\b7
2026-10-05 13:32:19,129 - INFO - Analisando diretório: C:\Users\User\Documents\ProvaPython\Prova Python\.git\objects\b8
2026-10-05 13:32:19,129 - INFO - Analisando diretório: C:\Users\User\Documents\ProvaPython\Prova Python\.git\objects\c3
2026-10-05 13:32:19,129 - INFO - Analisando diretório: C:\Users\User\Documents\ProvaPython\Prova Python\.git\objects\c5
2026-10-05 13:32:19,129 - INFO - Analisando diretório: C:\Users\User\Documents\ProvaPython\Prova Python\.git\objects\c8
2026-10-05 13:32:19,129 - INFO - Analisando diretório: C:\Users\User\Documents\ProvaPython\Prova Python\.git\objects\cc
2026-10-05 13:32:19,129 - INFO - Analisando diretório: C:\Users\User\Documents\ProvaPython\Prova Python\.git\objects\ce
2026-10-05 13:32:19,129 - INFO - Analisando diretório: C:\Users\User\Documents\ProvaPython\Prova Python\.git\objects\d1
2026-10-05 13:32:19,129 - INFO - Analisando diretório: C:\Users\User\Documents\ProvaPython\Prova Python\.git\objects\d8
2026-10-05 13:32:19,129 - INFO - Analisando diretório: C:\Users\User\Documents\ProvaPython\Prova Python\.git\objects\d9
2026-10-05 13:32:19,129 - INFO - Analisando diretório: C:\Users\User\Documents\ProvaPython\Prova Python\.git\objects\df
2026-10-05 13:32:19,129 - INFO - Analisando diretório: C:\Users\User\Documents\ProvaPython\Prova Python\.git\objects\e0
2026-10-05 13:32:19,129 - INFO - Analisando diretório: C:\Users\User\Documents\ProvaPython\Prova Python\.git\objects\e6
2026-10-05 13:32:19,129 - INFO - Analisando diretório: C:\Users\User\Documents\ProvaPython\Prova Python\.git\objects\e7
2026-10-05 13:32:19,130 - INFO - Analisando diretório: C:\Users\User\Documents\ProvaPython\Prova Python\.git\objects\e8
2026-10-05 13:32:19,130 - INFO - Analisando diretório: C:\Users\User\Documents\ProvaPython\Prova Python\.git\objects\ea
2026-10-05 13:32:19,130 - INFO - Analisando diretório: C:\Users\User\Documents\ProvaPython\Prova Python\.git\objects\eb
2026-10-05 13:32:19,130 - INFO - Analisando diretório: C:\Users\User\Documents\ProvaPython\Prova Python\.git\objects\ed
2026-10-05 13:32:19,130 - INFO - Analisando diretório: C:\Users\User\Documents\ProvaPython\Prova Python\.git\objects\ef
2026-10-05 13:32:19,130 - INFO - Analisando diretório: C:\Users\User\Documents\ProvaPython\Prova Python\.git\objects\f0
2026-10-05 13:32:19,130 - INFO - Analisando diretório: C:\Users\User\Documents\ProvaPython\Prova Python\.git\objects\f1
2026-10-05 13:32:19,130 - INFO - Analisando diretório: C:\Users\User\Documents\ProvaPython\Prova Python\.git\objects\f3
2026-10-05 13:32:19,130 - INFO - Analisando diretório: C:\Users\User\Documents\ProvaPython\Prova Python\.git\objects\f5
2026-10-05 13:32:19,130 - INFO - Analisando diretório: C:\Users\User\Documents\ProvaPython\Prova Python\.git\objects\fc
2026-10-05 13:32:19,130 - INFO - Analisando diretório: C:\Users\User\Documents\ProvaPython\Prova Python\.git\objects\info
2026-10-05 13:32:19,130 - INFO - Analisando diretório: C:\Users\User\Documents\ProvaPython\Prova Python\.git\objects\pack
2026-10-05 13:32:19,130 - INFO - Analisando diretório: C:\Users\User\Documents\ProvaPython\Prova Python\.git\refs
2026-10-05 13:32:19,130 - INFO - Analisando diretório: C:\Users\User\Documents\ProvaPython\Prova Python\.git\refs\heads
2026-10-05 13:32:19,130 - INFO - Analisando diretório: C:\Users\User\Documents\ProvaPython\Prova Python\.git\refs\remotes
2026-10-05 13:32:19,130 - INFO - Analisando diretório: C:\Users\User\Documents\ProvaPython\Prova Python\.git\refs\remotes\origin
2026-10-05 13:32:19,130 - INFO - Analisando diretório: C:\Users\User\Documents\ProvaPython\Prova Python\.git\refs\tags
2026-10-05 13:32:19,130 - INFO - Analisando diretório: C:\Users\User\Documents\ProvaPython\Prova Python\config
2026-10-05 13:32:19,130 - INFO - Analisando diretório: C:\Users\User\Documents\ProvaPython\Prova Python\controllers
2026-10-05 13:32:19,130 - INFO - Analisando diretório: C:\Users\User\Documents\ProvaPython\Prova Python\controllers\relatorios
2026-10-05 13:32:19,130 - INFO - Analisando diretório: C:\Users\User\Documents\ProvaPython\Prova Python\docs
2026-10-05 13:32:19,130 - INFO - Analisando diretório: C:\Users\User\Documents\ProvaPython\Prova Python\docs\referencias
2026-10-05 13:32:19,131 - INFO - Analisando diretório: C:\Users\User\Documents\ProvaPython\Prova Python\docs\referencias\exemplos
2026-10-05 13:32:19,131 - INFO - Analisando diretório: C:\Users\User\Documents\ProvaPython\Prova Python\logs
2026-10-05 13:32:19,131 - INFO - Analisando diretório: C:\Users\User\Documents\ProvaPython\Prova Python\models
2026-10-05 13:32:19,131 - INFO - Analisando diretório: C:\Users\User\Documents\ProvaPython\Prova Python\models\historico
2026-10-05 13:32:19,131 - INFO - Analisando diretório: C:\Users\User\Documents\ProvaPython\Prova Python\temp
2026-10-05 13:32:19,131 - INFO - Analisando diretório: C:\Users\User\Documents\ProvaPython\Prova Python\temp\processados
2026-10-05 13:32:19,131 - INFO - Analisando diretório: C:\Users\User\Documents\ProvaPython\Prova Python\tests
2026-10-05 13:32:19,131 - INFO - Analisando diretório: C:\Users\User\Documents\ProvaPython\Prova Python\utils
2026-10-05 13:32:19,131 - INFO - Analisando diretório: C:\Users\User\Documents\ProvaPython\Prova Python\__pycache__
2026-10-05 13:32:19,131 - INFO - Análise dos diretórios finalizada.
2026-10-05 13:32:19,131 - INFO - Validações internas concluídas.
2026-10-05 13:32:19,131 - INFO - Gerando relatório.
2026-10-05 13:32:19,131 - INFO - Relatório gerado.
2026-10-05 13:32:19,132 - INFO - Programa finalizado com sucesso.
